Your transformers version is too old to load Mistral3Model and Ministral3ForCausalLM. If you wish to use ErnieImage, please upgrade your transformers package to the latest version.
/home/remote/Desktop/liziyang_projects/repro/2608.20308/code/third_party/videox_fun/dist/flashhead_xfuser.py:22: FutureWarning: `torch.cuda.amp.autocast(args...)` is deprecated. Please use `torch.amp.autocast('cuda', args...)` instead.
  @amp.autocast(enabled=False)
/home/remote/Desktop/liziyang_projects/repro/2608.20308/code/third_party/videox_fun/dist/infinitalk_xfuser.py:22: FutureWarning: `torch.cuda.amp.autocast(args...)` is deprecated. Please use `torch.amp.autocast('cuda', args...)` instead.
  @amp.autocast(enabled=False)
/home/remote/Desktop/liziyang_projects/repro/2608.20308/code/third_party/videox_fun/dist/wan_xfuser.py:24: FutureWarning: `torch.cuda.amp.autocast(args...)` is deprecated. Please use `torch.amp.autocast('cuda', args...)` instead.
  @amp.autocast(enabled=False)
/home/remote/Desktop/liziyang_projects/repro/2608.20308/code/third_party/videox_fun/dist/wan_xfuser.py:66: FutureWarning: `torch.cuda.amp.autocast(args...)` is deprecated. Please use `torch.amp.autocast('cuda', args...)` instead.
  @amp.autocast(enabled=False)
/home/remote/Desktop/liziyang_projects/repro/2608.20308/code/third_party/videox_fun/dist/wan_xfuser.py:165: FutureWarning: `torch.cuda.amp.autocast(args...)` is deprecated. Please use `torch.amp.autocast('cuda', args...)` instead.
  @amp.autocast(enabled=False)
/home/remote/Desktop/liziyang_projects/repro/2608.20308/code/third_party/videox_fun/models/wan_transformer3d.py:56: FutureWarning: `torch.cuda.amp.autocast(args...)` is deprecated. Please use `torch.amp.autocast('cuda', args...)` instead.
  @amp.autocast(enabled=False)
/home/remote/Desktop/liziyang_projects/repro/2608.20308/code/third_party/videox_fun/models/wan_transformer3d.py:81: FutureWarning: `torch.cuda.amp.autocast(args...)` is deprecated. Please use `torch.amp.autocast('cuda', args...)` instead.
  @amp.autocast(enabled=False)
/home/remote/Desktop/liziyang_projects/repro/2608.20308/code/third_party/videox_fun/models/wan_transformer3d.py:143: FutureWarning: `torch.cuda.amp.autocast(args...)` is deprecated. Please use `torch.amp.autocast('cuda', args...)` instead.
  @amp.autocast(enabled=False)
/home/remote/Desktop/liziyang_projects/repro/2608.20308/code/third_party/videox_fun/models/wan_transformer3d_self_forcing.py:43: FutureWarning: `torch.cuda.amp.autocast(args...)` is deprecated. Please use `torch.amp.autocast('cuda', args...)` instead.
  @amp.autocast(enabled=False)
/home/remote/Desktop/liziyang_projects/repro/2608.20308/code/third_party/videox_fun/models/wan_audio_injector.py:103: FutureWarning: `torch.cuda.amp.autocast(args...)` is deprecated. Please use `torch.amp.autocast('cuda', args...)` instead.
  @amp.autocast(enabled=False)
/home/remote/Desktop/liziyang_projects/repro/2608.20308/code/third_party/videox_fun/models/wan_audio_injector.py:114: FutureWarning: `torch.cuda.amp.autocast(args...)` is deprecated. Please use `torch.amp.autocast('cuda', args...)` instead.
  @amp.autocast(enabled=False)
/home/remote/Desktop/liziyang_projects/repro/2608.20308/code/third_party/videox_fun/models/wan_transformer3d_s2v.py:55: FutureWarning: `torch.cuda.amp.autocast(args...)` is deprecated. Please use `torch.amp.autocast('cuda', args...)` instead.
  @amp.autocast(enabled=False)
loaded 3D transformer's pretrained weights from /home/remote/Desktop/liziyang_projects/repro/2608.20308/code/ckpt/Wan2.2-Fun-5B-Control/./ ...
[wan-backbone] LoRA r=64 a=64: 161.2M lora + patch_embed 1.82M + head 0.60M trainable
/home/remote/miniforge3/envs/ace-ego-hand/lib/python3.10/site-packages/torch/nn/modules/transformer.py:392: UserWarning: enable_nested_tensor is True, but self.use_nested_tensor is False because encoder_layer.norm_first was True
  warnings.warn(
[hand_model] WARNING: using FakeMANO stand-in (no licensed MANO on disk)
### missing keys: 0; 
### unexpected keys: 0;
[] []
[data] synthetic 16 train / 8 val clips (hand_model=fake)
[model] group decoder        20.952M  lr=2.0e-04
[model] group lora          161.219M  lr=1.0e-04
[model] group patch_embed     1.822M  lr=2.0e-05
/home/remote/Desktop/liziyang_projects/repro/2608.20308/code/third_party/videox_fun/models/attention_utils.py:328: UserWarning: Padding mask is disabled when using scaled_dot_product_attention. It can have a significant impact on performance.
  warnings.warn(
/home/remote/Desktop/liziyang_projects/repro/2608.20308/src/train.py:148: UserWarning: Converting a tensor with requires_grad=True to a scalar may lead to unexpected behavior.
Consider using tensor.detach() first. (Triggered internally at /pytorch/torch/csrc/autograd/generated/python_variable_methods.cpp:835.)
  acc_total += float(total) / accum
[     1] loss=6.8740 gnorm=3313824256.00 src=synthetic rot_geodesic=2.363 rot_mse=0.725 betas_l1=0.312 joint_rootrel=0.074 joint_cam=0.103 wrist_cam=0.088 img_joints2d=0.169 img_reproj=0.181 img_wrist2d=0.157 cam_trans=0.088 presence_3d=1.063 presence_2d=1.063 temporal_accel=0.007 ray_cosine=1.000
[     2] loss=5.9927 gnorm=137.00 src=synthetic rot_geodesic=2.358 rot_mse=0.723 betas_l1=0.455 joint_rootrel=0.075 joint_cam=0.111 wrist_cam=0.098 img_joints2d=0.142 img_reproj=0.164 img_wrist2d=0.112 cam_trans=0.098 presence_3d=1.063 presence_2d=0.920 temporal_accel=0.009 ray_cosine=0.137
[     3] loss=6.2120 gnorm=79.31 src=synthetic rot_geodesic=2.100 rot_mse=0.630 betas_l1=0.455 joint_rootrel=0.065 joint_cam=0.164 wrist_cam=0.142 img_joints2d=0.270 img_reproj=0.238 img_wrist2d=0.187 cam_trans=0.142 presence_3d=1.061 presence_2d=0.848 temporal_accel=0.007 ray_cosine=0.194
[     4] loss=5.2594 gnorm=32.23 src=synthetic rot_geodesic=1.963 rot_mse=0.572 betas_l1=0.374 joint_rootrel=0.064 joint_cam=0.096 wrist_cam=0.076 img_joints2d=0.187 img_reproj=0.176 img_wrist2d=0.142 cam_trans=0.076 presence_3d=1.057 presence_2d=1.059 temporal_accel=0.011 ray_cosine=0.106
[     5] loss=5.7397 gnorm=14.53 src=synthetic rot_geodesic=1.853 rot_mse=0.536 betas_l1=0.372 joint_rootrel=0.064 joint_cam=0.158 wrist_cam=0.119 img_joints2d=0.286 img_reproj=0.276 img_wrist2d=0.201 cam_trans=0.119 presence_3d=1.055 presence_2d=0.986 temporal_accel=0.008 ray_cosine=0.089
[     6] loss=4.8056 gnorm=14.02 src=synthetic rot_geodesic=1.727 rot_mse=0.505 betas_l1=0.327 joint_rootrel=0.061 joint_cam=0.083 wrist_cam=0.069 img_joints2d=0.191 img_reproj=0.186 img_wrist2d=0.143 cam_trans=0.068 presence_3d=1.052 presence_2d=1.055 temporal_accel=0.007 ray_cosine=0.072
[     7] loss=5.0100 gnorm=9.98 src=synthetic rot_geodesic=1.637 rot_mse=0.465 betas_l1=0.386 joint_rootrel=0.067 joint_cam=0.112 wrist_cam=0.094 img_joints2d=0.148 img_reproj=0.158 img_wrist2d=0.102 cam_trans=0.094 presence_3d=1.292 presence_2d=1.146 temporal_accel=0.011 ray_cosine=0.064
[     8] loss=5.3757 gnorm=13.12 src=synthetic rot_geodesic=1.765 rot_mse=0.507 betas_l1=0.349 joint_rootrel=0.075 joint_cam=0.145 wrist_cam=0.127 img_joints2d=0.150 img_reproj=0.181 img_wrist2d=0.153 cam_trans=0.127 presence_3d=1.047 presence_2d=0.901 temporal_accel=0.009 ray_cosine=0.058
[     9] loss=4.4094 gnorm=9.32 src=synthetic rot_geodesic=1.450 rot_mse=0.396 betas_l1=0.360 joint_rootrel=0.069 joint_cam=0.088 wrist_cam=0.063 img_joints2d=0.139 img_reproj=0.154 img_wrist2d=0.129 cam_trans=0.063 presence_3d=1.045 presence_2d=1.050 temporal_accel=0.012 ray_cosine=0.059
[    10] loss=5.1975 gnorm=8.01 src=synthetic rot_geodesic=1.702 rot_mse=0.488 betas_l1=0.372 joint_rootrel=0.064 joint_cam=0.121 wrist_cam=0.101 img_joints2d=0.193 img_reproj=0.173 img_wrist2d=0.125 cam_trans=0.101 presence_3d=1.285 presence_2d=1.142 temporal_accel=0.009 ray_cosine=0.059
[eval @ 10] FAcc=0.030 Recall=0.000 F1=0.000 MPJPE-p=189.799 PA-p=13.625 EPE2D-p=678.823 GO-p=129.865 CT-p=0.537 Jitter=nan MPJPE_OOS=135.699 MPJPE_IV=180.285 MPJPE_+OOS=175.048
[train] done: 10 steps in 0.1 min -> /home/remote/Desktop/liziyang_projects/repro/2608.20308/runs/repro-main-k-debug
