# smoke tier 2  config=/home/remote/Desktop/liziyang_projects/repro/2608.20308/src/configs/repro-default.yaml kfree=False 2026-09-22 08:30:01
Your transformers version is too old to load Mistral3Model and Ministral3ForCausalLM. If you wish to use ErnieImage, please upgrade your transformers package to the latest version.
/home/remote/Desktop/liziyang_projects/repro/2608.20308/code/third_party/videox_fun/dist/flashhead_xfuser.py:22: FutureWarning: `torch.cuda.amp.autocast(args...)` is deprecated. Please use `torch.amp.autocast('cuda', args...)` instead.
  @amp.autocast(enabled=False)
/home/remote/Desktop/liziyang_projects/repro/2608.20308/code/third_party/videox_fun/dist/infinitalk_xfuser.py:22: FutureWarning: `torch.cuda.amp.autocast(args...)` is deprecated. Please use `torch.amp.autocast('cuda', args...)` instead.
  @amp.autocast(enabled=False)
/home/remote/Desktop/liziyang_projects/repro/2608.20308/code/third_party/videox_fun/dist/wan_xfuser.py:24: FutureWarning: `torch.cuda.amp.autocast(args...)` is deprecated. Please use `torch.amp.autocast('cuda', args...)` instead.
  @amp.autocast(enabled=False)
/home/remote/Desktop/liziyang_projects/repro/2608.20308/code/third_party/videox_fun/dist/wan_xfuser.py:66: FutureWarning: `torch.cuda.amp.autocast(args...)` is deprecated. Please use `torch.amp.autocast('cuda', args...)` instead.
  @amp.autocast(enabled=False)
/home/remote/Desktop/liziyang_projects/repro/2608.20308/code/third_party/videox_fun/dist/wan_xfuser.py:165: FutureWarning: `torch.cuda.amp.autocast(args...)` is deprecated. Please use `torch.amp.autocast('cuda', args...)` instead.
  @amp.autocast(enabled=False)
/home/remote/Desktop/liziyang_projects/repro/2608.20308/code/third_party/videox_fun/models/wan_transformer3d.py:56: FutureWarning: `torch.cuda.amp.autocast(args...)` is deprecated. Please use `torch.amp.autocast('cuda', args...)` instead.
  @amp.autocast(enabled=False)
/home/remote/Desktop/liziyang_projects/repro/2608.20308/code/third_party/videox_fun/models/wan_transformer3d.py:81: FutureWarning: `torch.cuda.amp.autocast(args...)` is deprecated. Please use `torch.amp.autocast('cuda', args...)` instead.
  @amp.autocast(enabled=False)
/home/remote/Desktop/liziyang_projects/repro/2608.20308/code/third_party/videox_fun/models/wan_transformer3d.py:143: FutureWarning: `torch.cuda.amp.autocast(args...)` is deprecated. Please use `torch.amp.autocast('cuda', args...)` instead.
  @amp.autocast(enabled=False)
/home/remote/Desktop/liziyang_projects/repro/2608.20308/code/third_party/videox_fun/models/wan_transformer3d_self_forcing.py:43: FutureWarning: `torch.cuda.amp.autocast(args...)` is deprecated. Please use `torch.amp.autocast('cuda', args...)` instead.
  @amp.autocast(enabled=False)
/home/remote/Desktop/liziyang_projects/repro/2608.20308/code/third_party/videox_fun/models/wan_audio_injector.py:103: FutureWarning: `torch.cuda.amp.autocast(args...)` is deprecated. Please use `torch.amp.autocast('cuda', args...)` instead.
  @amp.autocast(enabled=False)
/home/remote/Desktop/liziyang_projects/repro/2608.20308/code/third_party/videox_fun/models/wan_audio_injector.py:114: FutureWarning: `torch.cuda.amp.autocast(args...)` is deprecated. Please use `torch.amp.autocast('cuda', args...)` instead.
  @amp.autocast(enabled=False)
/home/remote/Desktop/liziyang_projects/repro/2608.20308/code/third_party/videox_fun/models/wan_transformer3d_s2v.py:55: FutureWarning: `torch.cuda.amp.autocast(args...)` is deprecated. Please use `torch.amp.autocast('cuda', args...)` instead.
  @amp.autocast(enabled=False)
loaded 3D transformer's pretrained weights from /home/remote/Desktop/liziyang_projects/repro/2608.20308/code/ckpt/Wan2.2-Fun-5B-Control/./ ...
[wan-backbone] LoRA r=64 a=64: 161.2M lora + patch_embed 1.82M + head 0.60M trainable
/home/remote/miniforge3/envs/ace-ego-hand/lib/python3.10/site-packages/torch/nn/modules/transformer.py:392: UserWarning: enable_nested_tensor is True, but self.use_nested_tensor is False because encoder_layer.norm_first was True
  warnings.warn(
[hand_model] WARNING: using FakeMANO stand-in (no licensed MANO on disk)
### missing keys: 0; 
### unexpected keys: 0;
[] []
[model] group decoder        20.952M  lr=2.0e-04
[model] group lora          161.219M  lr=1.0e-04
[model] group patch_embed     1.822M  lr=2.0e-05
/home/remote/Desktop/liziyang_projects/repro/2608.20308/code/third_party/videox_fun/models/attention_utils.py:328: UserWarning: Padding mask is disabled when using scaled_dot_product_attention. It can have a significant impact on performance.
  warnings.warn(
/home/remote/Desktop/liziyang_projects/repro/2608.20308/src/smoke.py:179: UserWarning: Converting a tensor with requires_grad=True to a scalar may lead to unexpected behavior.
Consider using tensor.detach() first. (Triggered internally at /pytorch/torch/csrc/autograd/generated/python_variable_methods.cpp:835.)
  log(f"loss: {float(before):.5f} -> {float(after):.5f}   optimizer state populated {n_state}/{n_grad} params with grads   "
loss: 7.25764 -> 6.34232   optimizer state populated 483/483 params with grads   non-finite params: 0
TIER 2 PASS
