# smoke tier 3  config=/home/remote/Desktop/liziyang_projects/repro/2608.20308/src/configs/repro-default.yaml kfree=False 2026-09-22 08:30:17
Your transformers version is too old to load Mistral3Model and Ministral3ForCausalLM. If you wish to use ErnieImage, please upgrade your transformers package to the latest version.
/home/remote/Desktop/liziyang_projects/repro/2608.20308/code/third_party/videox_fun/dist/flashhead_xfuser.py:22: FutureWarning: `torch.cuda.amp.autocast(args...)` is deprecated. Please use `torch.amp.autocast('cuda', args...)` instead.
  @amp.autocast(enabled=False)
/home/remote/Desktop/liziyang_projects/repro/2608.20308/code/third_party/videox_fun/dist/infinitalk_xfuser.py:22: FutureWarning: `torch.cuda.amp.autocast(args...)` is deprecated. Please use `torch.amp.autocast('cuda', args...)` instead.
  @amp.autocast(enabled=False)
/home/remote/Desktop/liziyang_projects/repro/2608.20308/code/third_party/videox_fun/dist/wan_xfuser.py:24: FutureWarning: `torch.cuda.amp.autocast(args...)` is deprecated. Please use `torch.amp.autocast('cuda', args...)` instead.
  @amp.autocast(enabled=False)
/home/remote/Desktop/liziyang_projects/repro/2608.20308/code/third_party/videox_fun/dist/wan_xfuser.py:66: FutureWarning: `torch.cuda.amp.autocast(args...)` is deprecated. Please use `torch.amp.autocast('cuda', args...)` instead.
  @amp.autocast(enabled=False)
/home/remote/Desktop/liziyang_projects/repro/2608.20308/code/third_party/videox_fun/dist/wan_xfuser.py:165: FutureWarning: `torch.cuda.amp.autocast(args...)` is deprecated. Please use `torch.amp.autocast('cuda', args...)` instead.
  @amp.autocast(enabled=False)
/home/remote/Desktop/liziyang_projects/repro/2608.20308/code/third_party/videox_fun/models/wan_transformer3d.py:56: FutureWarning: `torch.cuda.amp.autocast(args...)` is deprecated. Please use `torch.amp.autocast('cuda', args...)` instead.
  @amp.autocast(enabled=False)
/home/remote/Desktop/liziyang_projects/repro/2608.20308/code/third_party/videox_fun/models/wan_transformer3d.py:81: FutureWarning: `torch.cuda.amp.autocast(args...)` is deprecated. Please use `torch.amp.autocast('cuda', args...)` instead.
  @amp.autocast(enabled=False)
/home/remote/Desktop/liziyang_projects/repro/2608.20308/code/third_party/videox_fun/models/wan_transformer3d.py:143: FutureWarning: `torch.cuda.amp.autocast(args...)` is deprecated. Please use `torch.amp.autocast('cuda', args...)` instead.
  @amp.autocast(enabled=False)
/home/remote/Desktop/liziyang_projects/repro/2608.20308/code/third_party/videox_fun/models/wan_transformer3d_self_forcing.py:43: FutureWarning: `torch.cuda.amp.autocast(args...)` is deprecated. Please use `torch.amp.autocast('cuda', args...)` instead.
  @amp.autocast(enabled=False)
/home/remote/Desktop/liziyang_projects/repro/2608.20308/code/third_party/videox_fun/models/wan_audio_injector.py:103: FutureWarning: `torch.cuda.amp.autocast(args...)` is deprecated. Please use `torch.amp.autocast('cuda', args...)` instead.
  @amp.autocast(enabled=False)
/home/remote/Desktop/liziyang_projects/repro/2608.20308/code/third_party/videox_fun/models/wan_audio_injector.py:114: FutureWarning: `torch.cuda.amp.autocast(args...)` is deprecated. Please use `torch.amp.autocast('cuda', args...)` instead.
  @amp.autocast(enabled=False)
/home/remote/Desktop/liziyang_projects/repro/2608.20308/code/third_party/videox_fun/models/wan_transformer3d_s2v.py:55: FutureWarning: `torch.cuda.amp.autocast(args...)` is deprecated. Please use `torch.amp.autocast('cuda', args...)` instead.
  @amp.autocast(enabled=False)
loaded 3D transformer's pretrained weights from /home/remote/Desktop/liziyang_projects/repro/2608.20308/code/ckpt/Wan2.2-Fun-5B-Control/./ ...
[wan-backbone] LoRA r=64 a=64: 161.2M lora + patch_embed 1.82M + head 0.60M trainable
/home/remote/miniforge3/envs/ace-ego-hand/lib/python3.10/site-packages/torch/nn/modules/transformer.py:392: UserWarning: enable_nested_tensor is True, but self.use_nested_tensor is False because encoder_layer.norm_first was True
  warnings.warn(
[hand_model] WARNING: using FakeMANO stand-in (no licensed MANO on disk)
### missing keys: 0; 
### unexpected keys: 0;
[] []
[model] group decoder        20.952M  lr=2.0e-04
[model] group lora          161.219M  lr=1.0e-04
[model] group patch_embed     1.822M  lr=2.0e-05
/home/remote/Desktop/liziyang_projects/repro/2608.20308/code/third_party/videox_fun/models/attention_utils.py:328: UserWarning: Padding mask is disabled when using scaled_dot_product_attention. It can have a significant impact on performance.
  warnings.warn(
/home/remote/Desktop/liziyang_projects/repro/2608.20308/src/smoke.py:203: UserWarning: Converting a tensor with requires_grad=True to a scalar may lead to unexpected behavior.
Consider using tensor.detach() first. (Triggered internally at /pytorch/torch/csrc/autograd/generated/python_variable_methods.cpp:835.)
  losses.append(float(total))
iter  0 loss=7.5070 gnorm=3278902784.00 rot_geodesic=2.492 rot_mse=0.755 betas_l1=0.355 joint_rootrel=0.069 joint_cam=0.139 wrist_cam=0.115 img_joints2d=0.220 img_reproj=0.246 img_wrist2d=0.151 cam_trans=0.115 presence_3d=1.313 presence_2d=1.158 temporal_accel=0.009 ray_cosine=1.000
iter  1 loss=5.8288 gnorm=384.73 rot_geodesic=2.363 rot_mse=0.729 betas_l1=0.295 joint_rootrel=0.069 joint_cam=0.118 wrist_cam=0.095 img_joints2d=0.153 img_reproj=0.154 img_wrist2d=0.191 cam_trans=0.095 presence_3d=0.813 presence_2d=0.813 temporal_accel=0.009 ray_cosine=0.124
iter  2 loss=6.1930 gnorm=202.31 rot_geodesic=2.345 rot_mse=0.720 betas_l1=0.344 joint_rootrel=0.070 joint_cam=0.101 wrist_cam=0.073 img_joints2d=0.207 img_reproj=0.214 img_wrist2d=0.137 cam_trans=0.073 presence_3d=1.311 presence_2d=1.311 temporal_accel=0.008 ray_cosine=0.190
iter  3 loss=6.0978 gnorm=54.95 rot_geodesic=2.193 rot_mse=0.667 betas_l1=0.368 joint_rootrel=0.066 joint_cam=0.138 wrist_cam=0.118 img_joints2d=0.203 img_reproj=0.178 img_wrist2d=0.140 cam_trans=0.118 presence_3d=1.308 presence_2d=1.154 temporal_accel=0.009 ray_cosine=0.097
iter  4 loss=5.8233 gnorm=20.64 rot_geodesic=2.180 rot_mse=0.644 betas_l1=0.432 joint_rootrel=0.070 joint_cam=0.127 wrist_cam=0.107 img_joints2d=0.211 img_reproj=0.188 img_wrist2d=0.148 cam_trans=0.107 presence_3d=1.057 presence_2d=0.916 temporal_accel=0.007 ray_cosine=0.072
iter  5 loss=5.9228 gnorm=14.75 rot_geodesic=1.982 rot_mse=0.579 betas_l1=0.335 joint_rootrel=0.079 joint_cam=0.159 wrist_cam=0.121 img_joints2d=0.201 img_reproj=0.251 img_wrist2d=0.171 cam_trans=0.120 presence_3d=1.054 presence_2d=0.983 temporal_accel=0.007 ray_cosine=0.070
iter  6 loss=5.7898 gnorm=13.07 rot_geodesic=1.945 rot_mse=0.571 betas_l1=0.357 joint_rootrel=0.073 joint_cam=0.138 wrist_cam=0.112 img_joints2d=0.195 img_reproj=0.218 img_wrist2d=0.134 cam_trans=0.113 presence_3d=1.290 presence_2d=1.141 temporal_accel=0.009 ray_cosine=0.066
iter  7 loss=4.9776 gnorm=9.06 rot_geodesic=1.578 rot_mse=0.448 betas_l1=0.381 joint_rootrel=0.060 joint_cam=0.142 wrist_cam=0.112 img_joints2d=0.191 img_reproj=0.204 img_wrist2d=0.136 cam_trans=0.111 presence_3d=1.042 presence_2d=0.895 temporal_accel=0.011 ray_cosine=0.053
iter  8 loss=4.8539 gnorm=12.78 rot_geodesic=1.688 rot_mse=0.470 betas_l1=0.325 joint_rootrel=0.066 joint_cam=0.100 wrist_cam=0.066 img_joints2d=0.172 img_reproj=0.236 img_wrist2d=0.132 cam_trans=0.069 presence_3d=1.037 presence_2d=1.038 temporal_accel=0.010 ray_cosine=0.045
iter  9 loss=6.0396 gnorm=9.09 rot_geodesic=1.917 rot_mse=0.557 betas_l1=0.456 joint_rootrel=0.081 joint_cam=0.180 wrist_cam=0.135 img_joints2d=0.237 img_reproj=0.287 img_wrist2d=0.161 cam_trans=0.137 presence_3d=1.031 presence_2d=0.831 temporal_accel=0.007 ray_cosine=0.064
iter 10 loss=5.6182 gnorm=10.45 rot_geodesic=1.769 rot_mse=0.524 betas_l1=0.392 joint_rootrel=0.070 joint_cam=0.166 wrist_cam=0.144 img_joints2d=0.148 img_reproj=0.195 img_wrist2d=0.107 cam_trans=0.143 presence_3d=1.250 presence_2d=0.968 temporal_accel=0.010 ray_cosine=0.061
iter 11 loss=5.5318 gnorm=10.20 rot_geodesic=1.758 rot_mse=0.516 betas_l1=0.390 joint_rootrel=0.069 joint_cam=0.162 wrist_cam=0.143 img_joints2d=0.136 img_reproj=0.185 img_wrist2d=0.105 cam_trans=0.142 presence_3d=1.233 presence_2d=0.959 temporal_accel=0.010 ray_cosine=0.059
iter 12 loss=4.3850 gnorm=10.18 rot_geodesic=1.270 rot_mse=0.329 betas_l1=0.476 joint_rootrel=0.066 joint_cam=0.143 wrist_cam=0.116 img_joints2d=0.107 img_reproj=0.216 img_wrist2d=0.159 cam_trans=0.120 presence_3d=0.783 presence_2d=0.660 temporal_accel=0.009 ray_cosine=0.048
iter 13 loss=4.6693 gnorm=15.44 rot_geodesic=1.539 rot_mse=0.441 betas_l1=0.424 joint_rootrel=0.080 joint_cam=0.123 wrist_cam=0.127 img_joints2d=0.056 img_reproj=0.105 img_wrist2d=0.152 cam_trans=0.133 presence_3d=0.777 presence_2d=0.659 temporal_accel=0.005 ray_cosine=0.051
iter 14 loss=3.6025 gnorm=6.33 rot_geodesic=1.062 rot_mse=0.258 betas_l1=0.285 joint_rootrel=0.063 joint_cam=0.094 wrist_cam=0.086 img_joints2d=0.062 img_reproj=0.126 img_wrist2d=0.147 cam_trans=0.088 presence_3d=0.772 presence_2d=0.775 temporal_accel=0.009 ray_cosine=0.043
iter 15 loss=4.9178 gnorm=16.40 rot_geodesic=1.599 rot_mse=0.463 betas_l1=0.413 joint_rootrel=0.080 joint_cam=0.120 wrist_cam=0.094 img_joints2d=0.120 img_reproj=0.214 img_wrist2d=0.107 cam_trans=0.096 presence_3d=0.959 presence_2d=0.853 temporal_accel=0.007 ray_cosine=0.046
iter 16 loss=4.2913 gnorm=10.58 rot_geodesic=1.353 rot_mse=0.355 betas_l1=0.342 joint_rootrel=0.059 joint_cam=0.105 wrist_cam=0.079 img_joints2d=0.184 img_reproj=0.171 img_wrist2d=0.174 cam_trans=0.076 presence_3d=0.945 presence_2d=0.954 temporal_accel=0.010 ray_cosine=0.039
iter 17 loss=4.5441 gnorm=9.33 rot_geodesic=1.596 rot_mse=0.446 betas_l1=0.312 joint_rootrel=0.068 joint_cam=0.089 wrist_cam=0.082 img_joints2d=0.148 img_reproj=0.133 img_wrist2d=0.152 cam_trans=0.083 presence_3d=0.931 presence_2d=0.940 temporal_accel=0.007 ray_cosine=0.041
iter 18 loss=5.2902 gnorm=10.76 rot_geodesic=1.641 rot_mse=0.463 betas_l1=0.373 joint_rootrel=0.071 joint_cam=0.165 wrist_cam=0.143 img_joints2d=0.116 img_reproj=0.201 img_wrist2d=0.118 cam_trans=0.139 presence_3d=1.084 presence_2d=0.883 temporal_accel=0.010 ray_cosine=0.045
iter 19 loss=4.2977 gnorm=12.87 rot_geodesic=1.148 rot_mse=0.302 betas_l1=0.367 joint_rootrel=0.064 joint_cam=0.151 wrist_cam=0.123 img_joints2d=0.082 img_reproj=0.196 img_wrist2d=0.161 cam_trans=0.120 presence_3d=0.899 presence_2d=0.807 temporal_accel=0.011 ray_cosine=0.037
rolling-5: [6.29, 5.9731, 5.9653, 5.7223, 5.4735, 5.5168, 5.4558, 5.4042, 5.2857, 5.2488, 4.7614, 4.6213, 4.3732, 4.405, 4.5292, 4.6682]
trend down (<=5% bumps): True; first 7.5070 -> last 4.2977
TIER 3 PASS
